[yogamayanewyork.com/index.html]
[backblue.gif]
[fade.gif]
[index.html]
[yogamayanewyork.com/wp-content/themes/yogamaya/library/icons/apple-icon-57x57.png]
[yogamayanewyork.com/wp-content/themes/yogamaya/library/icons/apple-icon-60x60.png]
[yogamayanewyork.com/wp-content/themes/yogamaya/library/icons/apple-icon-72x72.png]
[yogamayanewyork.com/wp-content/themes/yogamaya/library/icons/apple-icon-76x76.png]
[yogamayanewyork.com/wp-content/themes/yogamaya/library/icons/apple-icon-114x114.png]
[yogamayanewyork.com/wp-content/themes/yogamaya/library/icons/apple-icon-120x120.png]
[yogamayanewyork.com/wp-content/themes/yogamaya/library/icons/apple-icon-144x144.png]
[yogamayanewyork.com/wp-content/themes/yogamaya/library/icons/apple-icon-152x152.png]
[yogamayanewyork.com/wp-content/themes/yogamaya/library/icons/apple-icon-180x180.png]
[yogamayanewyork.com/wp-content/themes/yogamaya/library/icons/android-icon-192x192.png]
[yogamayanewyork.com/wp-content/themes/yogamaya/library/icons/favicon-32x32.png]
[yogamayanewyork.com/wp-content/themes/yogamaya/library/icons/favicon-96x96.png]
[yogamayanewyork.com/wp-content/themes/yogamaya/library/icons/favicon-16x16.png]
[yogamayanewyork.com/wp-content/themes/yogamaya/library/icons/manifest.json]
[yogamayanewyork.com/wp-content/themes/yogamaya/library/icons/ms-icon-144x144.png]
[yogamayanewyork.com/wp-content/themes/yogamaya/library/icons/favicon.png]
[yogamayanewyork.com/xmlrpc.php]
[use.typekit.net/vyx4sfg.js]
[yogamayanewyork.com/wp-content/plugins/instagram-feed/css/sbi-styles.min.css]
[yogamayanewyork.com/wp-includes/css/dist/block-library/style.min.css]
[maxcdn.bootstrapcdn.com/font-awesome/4.5.0/css/font-awesome.min.css]
[yogamayanewyork.com/wp-content/themes/yogamaya/library/css/slick/slick.css]
[yogamayanewyork.com/feed/index.html]
[yogamayanewyork.com/wp-content/themes/yogamaya/library/css/stylefaad.css]
[yogamayanewyork.com/wp-content/themes/yogamaya/library/js/libs/modernizr.custom.min.js]
[yogamayanewyork.com/wp-includes/js/jquery/jquery.min.js]
[yogamayanewyork.com/wp-includes/js/jquery/jquery-migrate.min.js]
[yogamayanewyork.com/comments/feed/index.html]
[yogamayanewyork.com/wp-json/wp/v2/pages/2.json]
[yogamayanewyork.com/wp-json/oembed/1.0/embed4b90.json]
[yogamayanewyork.com/wp-json/index.html]
[yogamayanewyork.com/wp-json/oembed/1.0/embed317c]
[www.google-analytics.com/analytics.js]
[connect.facebook.net/en_US/fbevents.js]
[yogamayanewyork.com/wp-content/uploads/2021/03/1-e1614713722945.png]
[yogamayanewyork.com/wp-content/uploads/2021/03/2-e1614714166460.png]
[yogamayanewyork.com/wp-content/themes/yogamaya/library/images/yogamaya_logo_long.svg]
[yogamayanewyork.com/wp-content/themes/yogamaya/library/images/yogamaya_logo.svg]
[yogamayanewyork.com/wp-content/uploads/2021/03/incense-kf-crop.jpg]
[assets.brandbot.com/forms/embed/embed.css]
[assets.brandbot.com/forms/embed/embed1c3a.js]
[yogamayanewyork.com/wp-content/uploads/2022/10/Momence_Product-Banners-8.png]
[yogamayanewyork.com/about-us/index.html]
[yogamayanewyork.com/events/index.html]
[yogamayanewyork.com/yoga-teacher-training-nyc/index.html]
[yogamayanewyork.com/wp-content/uploads/2022/08/Momence_Product-Banners-6.png]
[yogamayanewyork.com/classes/buy-classes-chelsea-nyc/index.html]
[yogamayanewyork.com/wp-content/plugins/instagram-feed/img/placeholder.png]
[yogamayanewyork.com/classes/index.html]
[yogamayanewyork.com/wp-content/themes/yogamaya/library/js/libs/slick/slick.min.js]
[yogamayanewyork.com/blog/prenatal-yoga-and-the-power-of-imagination/index.html]
[yogamayanewyork.com/store/index.html]
[yogamayanewyork.com/terms-conditions/index.html]
[yogamayanewyork.com/wp-content/themes/yogamaya/library/js/scriptsfaad.js]
[yogamayanewyork.com/wp-content/plugins/instagram-feed/js/sbi-scripts.min.js]
[www.googleadservices.com/pagead/f.txt]
[yogamayanewyork.com/index.html]
[yogamayanewyork.com/xmlrpc.html]
[yogamayanewyork.com/wp-content/plugins/instagram-feed/img/small-logo.png]
[yogamayanewyork.com/wp-content/plugins/instagram-feed/css/sbi-styles.min.css]
[yogamayanewyork.com/wp-includes/css/dist/block-library/style.min.css]
[maxcdn.bootstrapcdn.com/font-awesome/4.5.0/css/font-awesome.min.css]
[yogamayanewyork.com/wp-content/themes/yogamaya/library/css/slick/slick.css]
[yogamayanewyork.com/wp-content/themes/yogamaya/library/images/teacher_training.jpg]
[yogamayanewyork.com/wp-content/themes/yogamaya/library/images/eye-motif.png]
[yogamayanewyork.com/wp-content/themes/yogamaya/library/images/bg_relaxed_guy.jpg]
[yogamayanewyork.com/wp-content/themes/yogamaya/library/images/bg_hp_storecurtain.jpg]
[yogamayanewyork.com/wp-content/themes/yogamaya/library/images/scroll-nav-next.svg]
[yogamayanewyork.com/wp-content/themes/yogamaya/library/images/scroll-nav-prev.svg]
[yogamayanewyork.com/wp-content/themes/yogamaya/library/images/bg_hours_200.jpg]
[yogamayanewyork.com/wp-content/themes/yogamaya/library/images/bg_hours_300.jpg]
[yogamayanewyork.com/wp-content/themes/yogamaya/library/css/slick/ajax-loader.gif]
[yogamayanewyork.com/wp-content/themes/yogamaya/library/images/bg_events_lower_garland.jpg]
[yogamayanewyork.com/wp-content/themes/yogamaya/library/images/ij_mark.jpg]
[yogamayanewyork.com/wp-content/themes/yogamaya/library/images/triangle_cluster_motif.png]
[yogamayanewyork.com/wp-content/themes/yogamaya/library/images/bg_levels_carousel.jpg]
[yogamayanewyork.com/wp-content/themes/yogamaya/library/images/border_hack_white.gif]
[yogamayanewyork.com/wp-content/themes/yogamaya/library/images/rotate_new.png]
[yogamayanewyork.com/wp-content/themes/yogamaya/library/css/stylefaad.css]
[yogamayanewyork.com/wp-content/themes/yogamaya/library/images/submit.svg]
[yogamayanewyork.com/c]
[yogamayanewyork.com/b]
[yogamayanewyork.com/POST]
[connect.facebook.net/en_US/fbevents.js]
[yogamayanewyork.com/wp-content/themes/yogamaya/library/images/yogamaya_logo_long.svg]
[yogamayanewyork.com/wp-content/themes/yogamaya/library/images/yogamaya_logo.svg]
[yogamayanewyork.com/wp-content/themes/yogamaya/library/css/stylea447.css]
[yogamayanewyork.com/wp-json/wp/v2/pages/16.json]
[yogamayanewyork.com/wp-json/oembed/1.0/embedc243.json]
[yogamayanewyork.com/wp-json/oembed/1.0/embed19a9]
[yogamayanewyork.com/wp-content/uploads/2016/02/about.jpg]
[yogamayanewyork.com/wp-content/uploads/2016/06/Bryn-1-200x270.jpg]
[yogamayanewyork.com/wp-content/uploads/2016/06/Bryn-2-200x270.jpg]
[yogamayanewyork.com/wp-content/uploads/2016/06/Danielle-1-200x270.jpg]
[yogamayanewyork.com/wp-content/uploads/2016/06/Danielle-2-200x270.jpg]
[yogamayanewyork.com/wp-content/uploads/2018/10/TNB_7305-AMANDA-1_SIZED_sRGB-200x270.png]
[yogamayanewyork.com/blog/teachers/bryn-chrisman/index.html]
[yogamayanewyork.com/blog/teachers/danielle-harbord/index.html]
[yogamayanewyork.com/wp-content/uploads/2018/10/TNB_7312-AMANDA-2_SIZED_sRGB-200x270.png]
[yogamayanewyork.com/wp-content/uploads/2016/06/Julie-1-200x270.jpg]
[yogamayanewyork.com/wp-content/uploads/2016/06/Julie-2-200x270.jpg]
[yogamayanewyork.com/wp-content/uploads/2017/01/Alexandra1_01a-200x270.jpg]
[yogamayanewyork.com/wp-content/uploads/2017/01/Alexandra2_01a-200x270.jpg]
[yogamayanewyork.com/blog/teachers/amanda-mcdonald/index.html]
[yogamayanewyork.com/wp-content/uploads/2017/06/Rachel1_01a-200x270.jpg]
[yogamayanewyork.com/blog/teachers/alexandra-paddock/index.html]
[yogamayanewyork.com/wp-content/uploads/2017/06/Rachel2_01a-200x270.jpg]
[yogamayanewyork.com/blog/teachers/julie-pasqual/index.html]
[yogamayanewyork.com/wp-content/uploads/2022/09/IMG_7931-200x270.jpg]
[yogamayanewyork.com/blog/teachers/rachel-fedde/index.html]
[yogamayanewyork.com/wp-content/uploads/2022/09/IMG_7934-200x270.jpg]
[yogamayanewyork.com/wp-content/uploads/2019/02/DSC_0272_RET-200x270.jpg]
[yogamayanewyork.com/wp-content/uploads/2019/02/DSC_0270_RET-200x270.jpg]
[yogamayanewyork.com/blog/teachers/amanda-gates/index.html]
[yogamayanewyork.com/wp-content/uploads/2019/02/Jeff-1-200x270.png]
[yogamayanewyork.com/wp-content/uploads/2019/02/Jeff-2-200x270.png]
[yogamayanewyork.com/blog/teachers/gina-benson/index.html]
[yogamayanewyork.com/wp-content/uploads/2019/02/Lori-1-200x270.png]
[yogamayanewyork.com/wp-content/uploads/2019/02/Lori-2-200x270.png]
[yogamayanewyork.com/wp-content/uploads/2021/10/Screen-Shot-2021-10-31-at-2.03.47-PM-200x270.png]
[yogamayanewyork.com/blog/teachers/jeff-percacciante/index.html]
[yogamayanewyork.com/blog/teachers/lori-nathanson/index.html]
[yogamayanewyork.com/wp-content/uploads/2021/10/Lindsey-Rozmes-200x270.jpg]
[yogamayanewyork.com/wp-content/uploads/2022/09/Screen-Shot-2022-09-21-at-9.30.47-AM-200x270.png]
[yogamayanewyork.com/wp-content/uploads/2022/09/Screen-Shot-2022-09-21-at-9.30.34-AM-200x270.png]
[yogamayanewyork.com/wp-content/uploads/2022/09/EmilyRawlings-200x270.jpg]
[yogamayanewyork.com/blog/teachers/3171/index.html]
[yogamayanewyork.com/wp-content/uploads/2022/09/Screen-Shot-2022-09-21-at-4.37.34-PM-200x270.png]
[yogamayanewyork.com/blog/teachers/phillip-pettiford/index.html]
[yogamayanewyork.com/wp-content/uploads/2022/09/Screen-Shot-2022-09-21-at-9.36.35-AM-200x270.png]
[yogamayanewyork.com/blog/teachers/emily-rawlings/index.html]
[yogamayanewyork.com/wp-content/uploads/2022/09/0C25CA22-E18B-49CA-B5AB-DC66E169B02D_1_201_a-200x270.jpg]
[yogamayanewyork.com/wp-content/uploads/2022/10/TY_07147-200x270.jpg]
[yogamayanewyork.com/blog/teachers/jamie-wilhelm-schlef/index.html]
[yogamayanewyork.com/wp-content/uploads/2022/10/TY_07086-200x270.jpg]
[yogamayanewyork.com/wp-content/themes/yogamaya/library/images/bg_sub_aboutus.jpg]
[yogamayanewyork.com/blog/teachers/patrick-millard/index.html]
[yogamayanewyork.com/about-us/index.html]
[yogamayanewyork.com/wp-content/themes/yogamaya/library/js/scriptsa447.js]
[yogamayanewyork.com/wp-content/themes/yogamaya/library/css/stylef19a.css]
[yogamayanewyork.com/wp-json/wp/v2/pages/1383.json]
[yogamayanewyork.com/wp-json/oembed/1.0/embedf274.json]
[yogamayanewyork.com/wp-json/oembed/1.0/embedb9ef]
[yogamayanewyork.com/wp-content/uploads/2016/02/Teacher-Training.png]
[yogamayanewyork.com/wp-content/themes/yogamaya/library/images/icon-200hr.svg]
[yogamayanewyork.com/yoga-teacher-training-nyc/200-hour-teacher-training/index.html]
[yogamayanewyork.com/wp-content/themes/yogamaya/library/images/icon-300hr-a.svg]
[yogamayanewyork.com/yoga-teacher-training-nyc/300-hour-teacher-training/index.html]
[yogamayanewyork.com/wp-content/plugins/gravityforms/images/spinner.svg]
[yogamayanewyork.com/wp-content/uploads/2017/09/calendar1600.png]
[yogamayanewyork.com/wp-content/themes/yogamaya/library/js/scriptsf19a.js]
[yogamayanewyork.com/wp-includes/js/dist/vendor/regenerator-runtime.min.js]
[yogamayanewyork.com/wp-includes/js/dist/vendor/wp-polyfill.min.js]
[yogamayanewyork.com/wp-includes/js/dist/dom-ready.min.js]
[yogamayanewyork.com/wp-includes/js/dist/hooks.min.js]
[yogamayanewyork.com/wp-includes/js/dist/i18n.min.js]
[yogamayanewyork.com/wp-includes/js/dist/a11y.min.js]
[yogamayanewyork.com/wp-content/plugins/gravityforms/js/jquery.json.min.js]
[yogamayanewyork.com/wp-content/plugins/gravityforms/js/gravityforms.min.js]
[yogamayanewyork.com/wp-content/plugins/gravityforms/js/jquery.maskedinput.min.js]
[yogamayanewyork.com/wp-content/plugins/gravityforms/js/placeholders.jquery.min.js]
[yogamayanewyork.com/wp-content/plugins/gravityforms/js/conditional_logic.min.js]
[yogamayanewyork.com/wp-includes/js/jquery/ui/core.min.js]
[yogamayanewyork.com/wp-includes/js/jquery/ui/datepicker.min.js]
[yogamayanewyork.com/wp-content/plugins/gravityforms/js/datepicker-legacy.min.js]
[yogamayanewyork.com/yoga-teacher-training-nyc/index.html]
[yogamayanewyork.com/wp-content/plugins/gravityforms/js/datepicker.min.js]
[yogamayanewyork.com/wp-content/themes/yogamaya/library/css/style4519.css]
[yogamayanewyork.com/wp-json/wp/v2/pages/8.json]
[yogamayanewyork.com/wp-json/oembed/1.0/embedfcfd.json]
[yogamayanewyork.com/wp-json/oembed/1.0/embed3af0]
[yogamayanewyork.com/wp-content/uploads/2016/02/Events.jpg]
[yogamayanewyork.com/wp-content/uploads/2022/10/TY_07086-300x240.jpg]
[yogamayanewyork.com/blog/events/sound-ceremony/index.html]
[yogamayanewyork.com/wp-content/uploads/2022/10/Momence_Product-Banners-9-300x147.png]
[yogamayanewyork.com/blog/events/journey-to-india/index.html]
[yogamayanewyork.com/events/index.html]
[yogamayanewyork.com/wp-content/themes/yogamaya/library/js/scripts4519.js]
[yogamayanewyork.com/wp-json/wp/v2/pages/7.json]
[yogamayanewyork.com/wp-json/oembed/1.0/embed0c1e.json]
[yogamayanewyork.com/wp-json/oembed/1.0/embedebf9]
[yogamayanewyork.com/wp-content/uploads/2019/07/Buy_Classes.jpg]
[yogamayanewyork.com/classes/buy-classes-chelsea-nyc/index.html]
[yogamayanewyork.com/wp-content/themes/yogamaya/library/css/style9395.css]
[yogamayanewyork.com/wp-json/wp/v2/pages/4.json]
[yogamayanewyork.com/wp-json/oembed/1.0/embed6e2b.json]
[yogamayanewyork.com/wp-json/oembed/1.0/embed1848]
[yogamayanewyork.com/wp-content/uploads/2016/02/Classes.jpg]
[yogamayanewyork.com/wp-content/uploads/2022/02/momence.mp4]
[yogamayanewyork.com/classes/index.html]
[assets.brandbot.com/forms/embed/embed.css]
[yogamayanewyork.com/wp-content/themes/yogamaya/library/js/scripts9395.js]
[yogamayanewyork.com/blog/prenatal-yoga-and-the-power-of-imagination/feed/index.html]
[yogamayanewyork.com/wp-content/themes/yogamaya/library/css/styleda33.css]
[yogamayanewyork.com/wp-json/wp/v2/posts/1073.json]
[yogamayanewyork.com/wp-json/oembed/1.0/embed73ee.json]
[yogamayanewyork.com/wp-json/oembed/1.0/embed3b35]
[yogamayanewyork.com/wp-content/uploads/2016/06/TAOB_last.jpg]
[yogamayanewyork.com/wp-content/uploads/2017/03/Deb-18-in-India-Blog-768x1024.jpg]
[yogamayanewyork.com/wp-content/uploads/2017/01/outdoor-yoga-pose-yogamaya-260x310.jpg]
[yogamayanewyork.com/wp-content/uploads/2016/09/FullSizeRender-260x310.jpg]
[yogamayanewyork.com/blog/category/reflections/index.html]
[yogamayanewyork.com/blog/how-long-does-yoga-take-to-see-results/index.html]
[yogamayanewyork.com/wp-content/uploads/2016/09/yoga-handstand-yogamaya-image-260x310.png]
[yogamayanewyork.com/wp-content/uploads/2016/08/IMG_0449-260x310.jpg]
[yogamayanewyork.com/blog/learning-to-express-gratitude-through-yoga/index.html]
[yogamayanewyork.com/wp-content/uploads/2016/08/bryn-chrisman-yoga-session-5th-annual-bhakti-immersion-weekend-yoga-260x310.jpg]
[yogamayanewyork.com/blog/category/news/index.html]
[yogamayanewyork.com/blog/holiday-schedule/index.html]
[yogamayanewyork.com/wp-content/uploads/2016/08/yogamaya-200-hour-yoga-teacher-training-graduation-image-260x310.jpg]
[yogamayanewyork.com/blog/the-art-of-finding-balance-in-yoga/index.html]
[yogamayanewyork.com/wp-content/themes/yogamaya/library/images/default_blog_image.png]
[yogamayanewyork.com/blog/a-commitment-to-yoga-200-hour-teacher-training-graduates/index.html]
[yogamayanewyork.com/blog/seva-selfless-service-at-annual-bhakti-immersion-weekend/index.html]
[yogamayanewyork.com/wp-includes/js/comment-reply.min.js]
[yogamayanewyork.com/blog/my-yoga-transformation-from-teacher-training-classes/index.html]
[yogamayanewyork.com/blog/prenatal-yoga-and-the-power-of-imagination/index.html]
[yogamayanewyork.com/wp-content/themes/yogamaya/library/js/scriptsda33.js]
[yogamayanewyork.com/wp-content/themes/yogamaya/library/css/stylec8c4.css]
[yogamayanewyork.com/wp-json/wp/v2/pages/22.json]
[yogamayanewyork.com/wp-json/oembed/1.0/embeddfd7.json]
[yogamayanewyork.com/wp-json/oembed/1.0/embed9db6]
[yogamayanewyork.com/wp-content/uploads/2016/02/Store.jpg]
[yogamayanewyork.com/store/index.html]
[yogamayanewyork.com/wp-content/themes/yogamaya/library/js/scriptsc8c4.js]
[yogamayanewyork.com/wp-json/wp/v2/pages/3353.json]
[yogamayanewyork.com/wp-json/oembed/1.0/embed9269.json]
[yogamayanewyork.com/terms-conditions/index.html]
[yogamayanewyork.com/wp-admin/admin-ajax.html]
[yogamayanewyork.com/wp-content/plugins/instagram-feed/img/small-logo.html]
[yogamayanewyork.com/wp-content/themes/yogamaya/library/images/scroll-nav-next.svg]
[yogamayanewyork.com/wp-content/themes/yogamaya/library/images/scroll-nav-prev.svg]
[yogamayanewyork.com/wp-content/themes/yogamaya/library/images/submit.svg]
[yogamayanewyork.com/c.html]
[yogamayanewyork.com/b.html]
[yogamayanewyork.com/POST.html]
[yogamayanewyork.com/wp-content/themes/yogamaya/library/css/stylea447.css]
[yogamayanewyork.com/index0e62.html]
[yogamayanewyork.com/wp-json/oembed/1.0/embed819e]
[yogamayanewyork.com/wp-content/themes/yogamaya/library/css/style5621.css]
[yogamayanewyork.com/wp-json/oembed/1.0/embed6782.json]
[yogamayanewyork.com/wp-json/oembed/1.0/embed00f8]
[yogamayanewyork.com/wp-content/uploads/2017/03/cropped-deb-260x310.jpg]
[yogamayanewyork.com/blog/teachers/bryn-chrisman/index.html]
[yogamayanewyork.com/wp-content/themes/yogamaya/library/js/scripts5621.js]
[yogamayanewyork.com/wp-json/oembed/1.0/embed403c.json]
[yogamayanewyork.com/blog/teachers/danielle-harbord/index.html]
[yogamayanewyork.com/wp-json/oembed/1.0/embedf075]
[yogamayanewyork.com/wp-content/themes/yogamaya/library/css/style702b.css]
[yogamayanewyork.com/wp-json/oembed/1.0/embed12f7.json]
[yogamayanewyork.com/wp-json/oembed/1.0/embedaefd]
[yogamayanewyork.com/blog/teachers/amanda-mcdonald/index.html]
[yogamayanewyork.com/wp-content/themes/yogamaya/library/js/scripts702b.js]
[yogamayanewyork.com/wp-content/themes/yogamaya/library/css/style4da0.css]
[yogamayanewyork.com/wp-json/oembed/1.0/embedd0ac.json]
[yogamayanewyork.com/wp-json/oembed/1.0/embed0af9]
[yogamayanewyork.com/blog/teachers/julie-pasqual/index.html]
[yogamayanewyork.com/wp-content/themes/yogamaya/library/js/scripts4da0.js]
[yogamayanewyork.com/wp-json/oembed/1.0/embedca76.json]
[yogamayanewyork.com/blog/teachers/alexandra-paddock/index.html]
[yogamayanewyork.com/wp-json/oembed/1.0/embed366a]
[yogamayanewyork.com/wp-content/themes/yogamaya/library/css/styleb787.css]
[yogamayanewyork.com/wp-json/oembed/1.0/embeda5b4.json]
[yogamayanewyork.com/wp-json/oembed/1.0/embeda120]
[yogamayanewyork.com/blog/teachers/rachel-fedde/index.html]
[yogamayanewyork.com/wp-content/themes/yogamaya/library/js/scriptsb787.js]
[yogamayanewyork.com/wp-content/themes/yogamaya/library/css/style7147.css]
[yogamayanewyork.com/wp-json/oembed/1.0/embeda295.json]
[yogamayanewyork.com/wp-json/oembed/1.0/embeddce8]
[yogamayanewyork.com/blog/teachers/amanda-gates/index.html]
[yogamayanewyork.com/wp-content/themes/yogamaya/library/js/scripts7147.js]
[yogamayanewyork.com/wp-content/themes/yogamaya/library/css/style3264.css]
[yogamayanewyork.com/wp-json/oembed/1.0/embedfae9.json]
[yogamayanewyork.com/wp-json/oembed/1.0/embed7e45]
[yogamayanewyork.com/blog/teachers/gina-benson/index.html]
[yogamayanewyork.com/wp-content/themes/yogamaya/library/js/scripts3264.js]
[yogamayanewyork.com/wp-content/themes/yogamaya/library/css/style9278.css]
[yogamayanewyork.com/wp-json/oembed/1.0/embedcba0.json]
[yogamayanewyork.com/wp-json/oembed/1.0/embed0f84]
[yogamayanewyork.com/blog/teachers/jeff-percacciante/index.html]
[yogamayanewyork.com/wp-content/themes/yogamaya/library/js/scripts9278.js]
[yogamayanewyork.com/wp-content/themes/yogamaya/library/css/styleb870.css]
[yogamayanewyork.com/wp-json/oembed/1.0/embedcf98.json]
[yogamayanewyork.com/wp-json/oembed/1.0/embed9b23]
[yogamayanewyork.com/blog/teachers/lori-nathanson/index.html]
[yogamayanewyork.com/wp-content/themes/yogamaya/library/js/scriptsb870.js]
[yogamayanewyork.com/wp-content/themes/yogamaya/library/css/stylefeb6.css]
[yogamayanewyork.com/wp-json/oembed/1.0/embed57f5.json]
[yogamayanewyork.com/wp-json/oembed/1.0/embed71e3]
[yogamayanewyork.com/blog/teachers/3171/index.html]
[yogamayanewyork.com/wp-content/themes/yogamaya/library/js/scriptsfeb6.js]
[yogamayanewyork.com/wp-content/themes/yogamaya/library/css/style83c6.css]
[yogamayanewyork.com/wp-json/oembed/1.0/embedcc6d.json]
[yogamayanewyork.com/wp-json/oembed/1.0/embed432c]
[yogamayanewyork.com/blog/teachers/phillip-pettiford/index.html]
[yogamayanewyork.com/wp-content/themes/yogamaya/library/js/scripts83c6.js]
[yogamayanewyork.com/wp-content/themes/yogamaya/library/css/styleb31a.css]
[yogamayanewyork.com/wp-json/oembed/1.0/embed1002.json]
[yogamayanewyork.com/wp-json/oembed/1.0/embed80a9]
[yogamayanewyork.com/blog/teachers/emily-rawlings/index.html]
[yogamayanewyork.com/wp-content/themes/yogamaya/library/js/scriptsb31a.js]
[yogamayanewyork.com/wp-content/themes/yogamaya/library/css/styleab45.css]
[yogamayanewyork.com/wp-json/oembed/1.0/embedbc10.json]
[yogamayanewyork.com/wp-json/oembed/1.0/embed7827]
[yogamayanewyork.com/blog/teachers/jamie-wilhelm-schlef/index.html]
[yogamayanewyork.com/wp-content/themes/yogamaya/library/js/scriptsab45.js]
[yogamayanewyork.com/wp-content/themes/yogamaya/library/css/style5a5c.css]
[yogamayanewyork.com/wp-json/oembed/1.0/embed213f.json]
[yogamayanewyork.com/wp-json/oembed/1.0/embede787]
[yogamayanewyork.com/blog/teachers/patrick-millard/index.html]
[yogamayanewyork.com/wp-content/themes/yogamaya/library/css/stylef19a.css]
[yogamayanewyork.com/index59cd.html]
[yogamayanewyork.com/wp-content/themes/yogamaya/library/js/scripts5a5c.js]
[yogamayanewyork.com/wp-content/themes/yogamaya/library/css/style4a4e.css]
[yogamayanewyork.com/wp-json/wp/v2/pages/1385.json]
[yogamayanewyork.com/wp-json/oembed/1.0/embeda929.json]
[yogamayanewyork.com/wp-json/oembed/1.0/embed94c9]
[yogamayanewyork.com/wp-content/uploads/2016/02/Teacher-Training.jpg]
[yogamayanewyork.com/yoga-teacher-training-nyc/200-hour-teacher-training/index.html]
[yogamayanewyork.com/wp-content/themes/yogamaya/library/js/scripts4a4e.js]
[yogamayanewyork.com/wp-json/wp/v2/pages/1387.json]
[yogamayanewyork.com/wp-json/oembed/1.0/embedacf7.json]
[yogamayanewyork.com/wp-json/oembed/1.0/embed9ae4]
[yogamayanewyork.com/wp-content/uploads/2019/06/jm-400x540.jpg]
[yogamayanewyork.com/wp-content/uploads/2016/06/Aimee-2-200x270.jpg]
[yogamayanewyork.com/wp-content/uploads/2019/06/Headshot-4-3-400x540.jpg]
[yogamayanewyork.com/yoga-teacher-training-nyc/300-hour-teacher-training/index.html]
[yogamayanewyork.com/wp-content/themes/yogamaya/library/images/icon-200hr.svg]
[yogamayanewyork.com/wp-content/themes/yogamaya/library/images/icon-300hr-a.svg]
[yogamayanewyork.com/wp-content/plugins/gravityforms/images/spinner.svg]
[yogamayanewyork.com/wp-content/themes/yogamaya/library/css/style4519.css]
[yogamayanewyork.com/index2df4.html]
[yogamayanewyork.com/wp-content/themes/yogamaya/library/css/style2ce8.css]
[yogamayanewyork.com/wp-json/oembed/1.0/embedd99a.json]
[yogamayanewyork.com/wp-json/oembed/1.0/embede390]
[yogamayanewyork.com/blog/events/sound-ceremony/index.html]
[yogamayanewyork.com/wp-content/themes/yogamaya/library/js/scripts2ce8.js]
[yogamayanewyork.com/wp-content/themes/yogamaya/library/css/styleff0c.css]
[yogamayanewyork.com/wp-json/oembed/1.0/embed79ef.json]
[yogamayanewyork.com/wp-json/oembed/1.0/embedb48c]
[yogamayanewyork.com/blog/events/journey-to-india/index.html]
[yogamayanewyork.com/indexc4f7.html]
[yogamayanewyork.com/wp-content/themes/yogamaya/library/css/style9395.css]
[yogamayanewyork.com/index5c7e.html]
[yogamayanewyork.com/wp-content/themes/yogamaya/library/css/styleda33.css]
[yogamayanewyork.com/index4c5b.html]
[yogamayanewyork.com/wp-content/themes/yogamaya/library/js/scriptsff0c.js]
[yogamayanewyork.com/blog/category/reflections/feed/index.html]
[yogamayanewyork.com/wp-content/themes/yogamaya/library/css/style3e42.css]
[yogamayanewyork.com/wp-json/wp/v2/categories/5.json]
[yogamayanewyork.com/wp-content/uploads/2017/03/cropped-deb-300x100.jpg]
[yogamayanewyork.com/wp-content/uploads/2017/01/outdoor-yoga-pose-yogamaya-300x100.jpg]
[yogamayanewyork.com/wp-content/uploads/2016/09/FullSizeRender-300x100.jpg]
[yogamayanewyork.com/wp-content/uploads/2016/08/IMG_0449-300x100.jpg]
[yogamayanewyork.com/wp-content/uploads/2016/08/bryn-chrisman-yoga-session-5th-annual-bhakti-immersion-weekend-yoga-300x100.jpg]
[yogamayanewyork.com/wp-content/uploads/2016/08/yogamaya-200-hour-yoga-teacher-training-graduation-image-300x100.jpg]
[yogamayanewyork.com/wp-login.html]
[yogamayanewyork.com/blog/2017/03/index.html]
[yogamayanewyork.com/blog/2016/09/index.html]
[yogamayanewyork.com/blog/2016/08/index.html]
[yogamayanewyork.com/blog/category/reflections/index.html]
[yogamayanewyork.com/wp-content/themes/yogamaya/library/js/scripts3e42.js]
[yogamayanewyork.com/blog/2016/06/index.html]
[yogamayanewyork.com/blog/2017/01/index.html]
[yogamayanewyork.com/blog/how-long-does-yoga-take-to-see-results/feed/index.html]
[yogamayanewyork.com/wp-content/themes/yogamaya/library/css/style286f.css]
[yogamayanewyork.com/wp-json/wp/v2/posts/980.json]
[yogamayanewyork.com/wp-json/oembed/1.0/embedad91.json]
[yogamayanewyork.com/wp-json/oembed/1.0/embed55c9]
[yogamayanewyork.com/wp-content/uploads/2017/01/jai-uttal-playing-guitar-outside-image.png]
[yogamayanewyork.com/blog/how-long-does-yoga-take-to-see-results/index.html]
[yogamayanewyork.com/wp-content/themes/yogamaya/library/js/scripts286f.js]
[yogamayanewyork.com/blog/learning-to-express-gratitude-through-yoga/feed/index.html]
[yogamayanewyork.com/wp-content/themes/yogamaya/library/css/stylec934.css]
[yogamayanewyork.com/wp-json/wp/v2/posts/800.json]
[yogamayanewyork.com/wp-json/oembed/1.0/embeded39.json]
[yogamayanewyork.com/wp-json/oembed/1.0/embedf38c]
[yogamayanewyork.com/wp-content/uploads/2016/09/FullSizeRender-655x1024.jpg]
[yogamayanewyork.com/wp-content/uploads/2016/09/IMG_0984-e1473259951259-768x1024.jpg]
[yogamayanewyork.com/wp-content/uploads/2016/09/IMG_0983-e1473258220950-768x1024.jpg]
[yogamayanewyork.com/blog/learning-to-express-gratitude-through-yoga/index.html]
[yogamayanewyork.com/wp-content/themes/yogamaya/library/js/scriptsc934.js]
[yogamayanewyork.com/wp-json/wp/v2/categories/6.json]
[yogamayanewyork.com/blog/category/news/feed/index.html]
[yogamayanewyork.com/wp-content/uploads/2016/09/yoga-handstand-yogamaya-image-300x100.png]
[yogamayanewyork.com/blog/category/news/index.html]
[yogamayanewyork.com/wp-json/wp/v2/posts/785.json]
[yogamayanewyork.com/blog/holiday-schedule/feed/index.html]
[yogamayanewyork.com/wp-json/oembed/1.0/embed71b4.json]
[yogamayanewyork.com/wp-json/oembed/1.0/embed3adf]
[yogamayanewyork.com/wp-content/uploads/2016/09/yoga-handstand-yogamaya-image.png]
[yogamayanewyork.com/blog/holiday-schedule/index.html]
[yogamayanewyork.com/blog/the-art-of-finding-balance-in-yoga/feed/index.html]
[yogamayanewyork.com/wp-content/themes/yogamaya/library/css/stylee7a3.css]
[yogamayanewyork.com/wp-json/wp/v2/posts/719.json]
[yogamayanewyork.com/wp-json/oembed/1.0/embede564.json]
[yogamayanewyork.com/wp-json/oembed/1.0/embed26ce]
[yogamayanewyork.com/wp-content/uploads/2016/08/yoga-teacher-bryn-chrisman-downward-dog-pose-beach-waves-image-scaled.jpg]
[yogamayanewyork.com/blog/the-art-of-finding-balance-in-yoga/index.html]
[yogamayanewyork.com/wp-content/themes/yogamaya/library/js/scriptse7a3.js]
[yogamayanewyork.com/wp-content/themes/yogamaya/library/css/styleb009.css]
[yogamayanewyork.com/blog/seva-selfless-service-at-annual-bhakti-immersion-weekend/feed/index.html]
[yogamayanewyork.com/wp-json/wp/v2/posts/702.json]
[yogamayanewyork.com/wp-json/oembed/1.0/embed8117.json]
[yogamayanewyork.com/wp-json/oembed/1.0/embed214b]
[yogamayanewyork.com/wp-content/uploads/2016/08/5th-annual-bhakti-immersion-weekend-yoga-with-bryn-chrisman-dancing-photo.jpg]
[yogamayanewyork.com/wp-content/uploads/2016/08/bryn-chrisman-yoga-session-5th-annual-bhakti-immersion-weekend-yoga.jpg]
[yogamayanewyork.com/blog/seva-selfless-service-at-annual-bhakti-immersion-weekend/index.html]
[yogamayanewyork.com/wp-content/themes/yogamaya/library/js/scriptsb009.js]
[yogamayanewyork.com/wp-json/wp/v2/posts/685.json]
[yogamayanewyork.com/blog/a-commitment-to-yoga-200-hour-teacher-training-graduates/feed/index.html]
[yogamayanewyork.com/wp-json/oembed/1.0/embeddb37.json]
[yogamayanewyork.com/wp-json/oembed/1.0/embed601b]
[yogamayanewyork.com/wp-content/uploads/2016/08/yogamaya-200-hour-yoga-teacher-training-graduation-image-1024x768.jpg]
[yogamayanewyork.com/blog/a-commitment-to-yoga-200-hour-teacher-training-graduates/index.html]
[yogamayanewyork.com/wp-json/wp/v2/posts/291.json]
[yogamayanewyork.com/blog/my-yoga-transformation-from-teacher-training-classes/feed/index.html]
[yogamayanewyork.com/wp-json/oembed/1.0/embed6b33.json]
[yogamayanewyork.com/wp-json/oembed/1.0/embed6002]
[yogamayanewyork.com/wp-content/uploads/2016/06/1929479_10921219681_8935_n-300x237.jpg]
[yogamayanewyork.com/blog/my-yoga-transformation-from-teacher-training-classes/index.html]
[yogamayanewyork.com/wp-content/themes/yogamaya/library/css/stylec8c4.css]
[yogamayanewyork.com/index0345.html]
[yogamayanewyork.com/index516c.html]
[yogamayanewyork.com/wp-content/themes/yogamaya/library/css/style5621.css]
[yogamayanewyork.com/index3f5a.html]
[yogamayanewyork.com/index153d.html]
[yogamayanewyork.com/wp-content/themes/yogamaya/library/css/style702b.css]
[yogamayanewyork.com/indexd0ff.html]
[yogamayanewyork.com/wp-content/themes/yogamaya/library/css/style4da0.css]
[yogamayanewyork.com/indexe887.html]
[yogamayanewyork.com/indexca7c.html]
[yogamayanewyork.com/wp-content/themes/yogamaya/library/css/styleb787.css]
[yogamayanewyork.com/index69dc.html]
[yogamayanewyork.com/wp-content/themes/yogamaya/library/css/style7147.css]
[yogamayanewyork.com/indexaead.html]
[yogamayanewyork.com/wp-content/themes/yogamaya/library/css/style3264.css]
[yogamayanewyork.com/indexede1.html]
[yogamayanewyork.com/wp-content/themes/yogamaya/library/css/style9278.css]
[yogamayanewyork.com/index9f3f.html]
[yogamayanewyork.com/wp-content/themes/yogamaya/library/css/styleb870.css]
[yogamayanewyork.com/index515f.html]
[yogamayanewyork.com/wp-content/themes/yogamaya/library/css/stylefeb6.css]
[yogamayanewyork.com/indexacff.html]
[yogamayanewyork.com/wp-content/themes/yogamaya/library/css/style83c6.css]
[yogamayanewyork.com/index6414.html]
[yogamayanewyork.com/wp-content/themes/yogamaya/library/css/styleb31a.css]
[yogamayanewyork.com/index1385.html]
[yogamayanewyork.com/wp-content/themes/yogamaya/library/css/styleab45.css]
[yogamayanewyork.com/indexd9c5.html]
[yogamayanewyork.com/wp-content/themes/yogamaya/library/css/style5a5c.css]
[yogamayanewyork.com/index29f4.html]
[yogamayanewyork.com/wp-content/themes/yogamaya/library/css/style4a4e.css]
[yogamayanewyork.com/index26d0.html]
[yogamayanewyork.com/indexbb3a.html]
[yogamayanewyork.com/wp-content/themes/yogamaya/library/css/style2ce8.css]
[yogamayanewyork.com/index8ab7.html]
[yogamayanewyork.com/wp-content/themes/yogamaya/library/css/styleff0c.css]
[yogamayanewyork.com/index18fa.html]
[yogamayanewyork.com/wp-content/themes/yogamaya/library/css/style3e42.css]
[yogamayanewyork.com/wp-content/themes/yogamaya/library/css/stylec268.css]
[yogamayanewyork.com/blog/2017/03/index.html]
[yogamayanewyork.com/wp-content/themes/yogamaya/library/js/scriptsc268.js]
[yogamayanewyork.com/wp-content/themes/yogamaya/library/css/styleacf7.css]
[yogamayanewyork.com/blog/2017/01/index.html]
[yogamayanewyork.com/blog/2016/09/index.html]
[yogamayanewyork.com/blog/2016/08/index.html]
[yogamayanewyork.com/blog/2016/06/index.html]
[yogamayanewyork.com/wp-content/themes/yogamaya/library/js/scriptsacf7.js]
[yogamayanewyork.com/wp-includes/css/dashicons.min.css]
[yogamayanewyork.com/wp-includes/css/buttons.min.css]
[yogamayanewyork.com/wp-admin/css/forms.min.css]
[yogamayanewyork.com/wp-admin/css/l10n.min.css]
[yogamayanewyork.com/wp-admin/css/login.min.css]
[yogamayanewyork.com/wp-content/themes/yogamaya/library/images/login_logo.png]
[yogamayanewyork.com/wp-loginc2b6.html]
[yogamayanewyork.com/wp-includes/js/zxcvbn-async.min.js]
[yogamayanewyork.com/wp-admin/js/password-strength-meter.min.js]
[yogamayanewyork.com/wp-includes/js/underscore.min.js]
[yogamayanewyork.com/wp-includes/js/wp-util.min.js]
[yogamayanewyork.com/wp-login.html]
[yogamayanewyork.com/wp-content/themes/yogamaya/library/css/style286f.css]
[yogamayanewyork.com/indexca89.html]
[yogamayanewyork.com/wp-content/themes/yogamaya/library/css/stylec934.css]
[yogamayanewyork.com/indexcb2d.html]
[yogamayanewyork.com/index6996.html]
[yogamayanewyork.com/wp-content/themes/yogamaya/library/css/stylee7a3.css]
[yogamayanewyork.com/indexd13e.html]
[yogamayanewyork.com/wp-content/themes/yogamaya/library/css/styleb009.css]
[yogamayanewyork.com/indexf167.html]
[yogamayanewyork.com/index0111.html]
[yogamayanewyork.com/index820e.html]
[yogamayanewyork.com/wp-content/uploads/2016/06/1929479_10921219681_8935_n-300x237.html]
[yogamayanewyork.com/wp-content/themes/yogamaya/library/css/stylec268.css]
[yogamayanewyork.com/wp-content/themes/yogamaya/library/css/styleacf7.css]
[yogamayanewyork.com/wp-admin/js/user-profile.min.js]
[yogamayanewyork.com/wp-includes/fonts/dashicons7d4b.eot]
[yogamayanewyork.com/wp-includes/css/dashicons.min.css]
[yogamayanewyork.com/wp-includes/css/buttons.min.css]
[yogamayanewyork.com/wp-includes/fonts/dashicons7d4b.ttf]
[yogamayanewyork.com/wp-admin/images/loading.gif]
[yogamayanewyork.com/wp-admin/css/forms.min.css]
[yogamayanewyork.com/wp-admin/css/l10n.min.css]
[yogamayanewyork.com/wp-admin/images/w-logo-blue7a53.png]
[yogamayanewyork.com/wp-admin/css/login.min.css]
[yogamayanewyork.com/wp-loginc2b6.html]
[yogamayanewyork.com/wp-admin/images/wordpress-logo7d6b.svg]
[yogamayanewyork.com/wp-admin/images/wordpress-logo7d6b.svg]
